item-name	item-description	listing-id	seller-sku	price	quantity	open-date	image-url	item-is-marketplace	product-id-type	zshop-shipping-fee	item-note	item-condition	zshop-category1	zshop-browse-path	zshop-storefront-feature	asin1	asin2	asin3	will-ship-internationally	expedited-shipping	zshop-boldface	product-id	bid-for-featured-placement	add-delete	pending-quantity	fulfillment-channel	merchant-shipping-group	status
Volutz Equilibrium Series Nylon Braided Micro-USB to USB Cable - Assorted Lengths (10 Feet, 6.5 Feet, 3X 3.3 Feet), Pack of 5	<p><strong>Volutz = Made by Sweden</strong><br />Say hello to superior sync &amp; charging and visionary haptics.</p> <p><strong>In</strong>&nbsp;<strong>Need for</strong>&nbsp;<strong>Hi-Speed?</strong><br />Charge up to 20% faster than most OEM 2.0 USB to Micro USB cable options with speeds up-to 3A, due to extreme AWG data and power wires. Supports Quick Charge 2.0 / 3.0 and other fast USB chargers.</p> <p><strong>Reliable &amp; Abuse Friendly</strong><br />Generic aftermarket USB cables last a couple of months of use. Volutz patented craftsmanship spirit results in unrivaled durability; exceeding the lifespan of OEM USB cord you received with your device. Twist them in &amp; out, throw them off a rooftop, even roll over these Micro-USB cords a couple of times with your office chair and they still work.</p> <p><strong>Assorted Lengths</strong><br />extra-long 10ft &amp; 6.5ft cord are perfect chargers for sofa, bed or airports.<br />3.3ft Cables are perfect for car chargers, office desks, or On the Go.</p> <p><strong>Perfect Snap &amp; Click</strong><br />A reassuring audible click will confirm a firm and snug connection to your device.</p> <p><strong>Craftsmanship Spirit</strong><br />Our proprietary connectors will not wear out and slip out of your devices within months. The slim beveled Micro-USB plug is only 3.8mm at the tip; fitting into ANY protective case charging port. Never remove the case again to charge &amp; sync your phone, tablet or device.</p> <p><strong>Wide Compatibility</strong><br />Most Android and Windows phones, tablets and many other devices including; Samsung / Nexus / HTC / Motorola / Nokia / LG / Sony / Blackberry / PS4 Controllers / Xbox / PS Vita / Nintendo DS / GoPro / GPS devices / battery packs / Bluetooth speakers / hard drives / e-readers / printers and more.</p> <p>Note: Not compatible with USB Type C devices.</p> <p>&nbsp;</p>	1226XP1VA0T	Micro USB Cable Phone Charge Data	34.99		2020-12-26 04:39:23 PST		y	3			11				B00T38OHQ8						726670351456				AMAZON_NA	Migrated Template	Active
iPhone Lightning Cable, Volutz MFi Certified Apple Charger Cord, Fast Charging 6ft Nylon Braided, Compatible with iPhone 11 pro Xs Max X XR 8 iPad ArmorCord Series (Moss-Green)	<p><strong>DualHousing Technology</strong><br /> It took us 7 years to perfect our DualHousing technology. All Volutz cables are built on proprietary technology; a dual disengaged layered housing isolating bending movements and protecting the otherwise fragile connector.</p> <p><strong>Apple Ensured Compatibility</strong><br /> This Lightning to USB cable has passed or exceeded Apple MFi performance, safety and material standards.&nbsp;</p> <p><strong>In Need for speed?</strong><br /> For fast charging, you need 2.4 Amps USB charger and cable with thick copper gauge (low resistance) and this is where Volutz win every time! Meet ArmorCord; our most stylish, rugged and fastest charge &amp; sync series yet.</p> <p><strong>Dependable &amp; Abuse-Friendly</strong><br /> With a confirmed 50.000+ bending tolerance, we guarantee ruggedness. Twist it in &amp; out, throw it off a rooftop, even roll over it a couple times with your office chair and it still work. We back our promise with 2 year warranty.</p> <p><strong>Designed by haptics</strong></p> <ul> <li>Hybrid durable material used for a rugged anti-fry strain-relief</li> <li>Ultra-sleek beveled tip, only 4.2mm enabling use with ANY case, including LifeProof</li> <li>Quad woven textile fabric braid ensures the cable is tangle-free and robust</li> <li>Ridged side grip for ergonomic haptics</li> <li>Included cable organizer optimize cable length for various use and storage</li> </ul> <p>&nbsp;Compatible with past and future iOS upgrades and every device using Lightning connector including;</p> <p>iPhone XR, iPhone X/XS/XS Max, iPhone 8/8 Plus, iPhone 7/7 Plus, iPhone 6/6 Plus, iPhone 6S/6S Plus</p> <p>iPad Pro iPad Air 3rd gen iPad Air 2 iPad Mini 5th gen&nbsp;</p> <p>Apple Pencil, AirPods Charging Case, Siri Remote for Apple TV, Magic Keyboard, Magic Mouse 2, Magic Trackpad 2, EarPods with Lightning connector, BeatsX Earphones, Beats Pill+ Speaker, iPhone Lightning Dock and more.</p>	1119XXT6BYR	charger cable vtz-1843_cord	25.99		2020-11-19 12:22:44 PST		y	4			11				B079K2PDJV						7350097670017				AMAZON_NA	Migrated Template	Active
USB C Cable/Type C to USB Fast Charging Cord [Pack of 5], Gold-Plated & Nylon Braided (10ft + 6.5ft + 2x3.3ft + 1ft) for Samsung Galaxy S8/Plus, Nexus 5X/6P, Nintendo Switch and More [Equilibrium +]	<p><strong>In need for speed?</strong><br /> Equilibrium Series USB Type C to USB cable offer extraordinary charge and sync rates up to 3 Amperes and data transfers up-to 480 Mbps (USB 2.0).</p> <p><strong>Really Tough, dependable, and abuse-friendly</strong><br /> Marginalized productions and generics pollute our world. All Volutz products are developed by engineers not marketers. Twist them in and out, throw them off a rooftop, even roll over them with your office chair and they will still work.</p> <p><strong>Clever design</strong><strong><br /> </strong>The USB C connector is reversible allowing you to plug in any orientation. The beveled tip is only 4.2 mm enabling use with ANY protective case; and color-coded to differentiate use among family members or devices. Including cable organizers for adjusting the perfect length and easy storage.</p> <p><strong>DualHousing&trade; technology</strong><br /> USB Cables, in general, are considered as disposables. Volutz strongly disagrees. All Volutz USB C cables are built on proprietary DualHousing technology to firmly fix connector and isolate bending movements resulting in 15x prolonged lifespan compared to standard Type-C cables.</p> <p><strong>You get</strong><br /> 5X USB Type C Cable to Type- A (10ft + 6.6ft + 2x3.3ft + 1 ft)<br /> Retail Box (100% environmentally degradable)<br /> 2-year Warranty</p>	1226XOZTDA0	US Type C 5-pack EQ	39.99		2020-12-26 04:37:51 PST		y	4			11				B073V2LY6B						7350097672462				AMAZON_NA	Migrated Template	Inactive
Volutz iPhone Lightning Cable, MFi Certified Apple Charger Cord, Fast Charging 6ft Nylon Braided, Compatible with iPhone Xs Max X XR 8 7 6s 6 Plus SE 5 5s 5c, iPad, iPod ArmorCord Series (Rose-Gold)	<p><strong>DualHousing Technology</strong><br /> It took us 7 years to perfect our DualHousing technology. All Volutz cables are built on proprietary technology; a dual disengaged layered housing isolating bending movements and protecting the otherwise fragile connector.</p> <p><strong>Apple Ensured Compatibility</strong><br /> This Lightning to USB cable has passed or exceeded Apple MFi performance, safety and material standards.&nbsp;</p> <p><strong>In Need for speed?</strong><br /> For fast charging, you need 2.4 Amps USB charger and cable with thick copper gauge (low resistance) and this is where Volutz win every time! Meet ArmorCord; our most stylish, rugged and fastest charge &amp; sync series yet.</p> <p><strong>Dependable &amp; Abuse-Friendly</strong><br /> With a confirmed 50.000+ bending tolerance, we guarantee ruggedness. Twist it in &amp; out, throw it off a rooftop, even roll over it a couple times with your office chair and it still work. We back our promise with 2 year warranty.</p> <p><strong>Designed by haptics</strong></p> <ul> <li>Hybrid durable material used for a rugged anti-fry strain-relief</li> <li>Ultra-sleek beveled tip, only 4.2mm enabling use with ANY case, including LifeProof</li> <li>Quad woven textile fabric braid ensures the cable is tangle-free and robust</li> <li>Ridged side grip for ergonomic haptics</li> <li>Included cable organizer optimize cable length for various use and storage</li> </ul> <p>&nbsp;Compatible with past and future iOS upgrades and every device using Lightning connector including;</p> <p>iPhone XR, iPhone X/XS/XS Max, iPhone 8/8 Plus, iPhone 7/7 Plus, iPhone 6/6 Plus, iPhone 6S/6S Plus</p> <p>iPad Pro iPad Air 3rd gen iPad Air 2 iPad Mini 5th gen&nbsp;</p> <p>Apple Pencil, AirPods Charging Case, Siri Remote for Apple TV, Magic Keyboard, Magic Mouse 2, Magic Trackpad 2, EarPods with Lightning connector, BeatsX Earphones, Beats Pill+ Speaker, iPhone Lightning Dock and more.</p>	1119XXPGOBQ	charger cable vtz-1983_cord	25.99		2020-11-19 12:22:44 PST		y	4			11				B079JX1BZZ						7350097670024				AMAZON_NA	Migrated Template	Inactive
